---
source: src/syntax/latex.rs
expression: "setup(r#\"\\newlabel{foo}{{1.1}}\"#)"

---
ROOT@0..21
  PREAMBLE@0..21
    LABEL_NUMBER@0..13
      LABEL_NUMBER_COMMAND@0..9 "\\newlabel"
      BRACKET_GROUP_WORD@9..13
        L_BRACE@9..10 "{"
        WORD@10..13 "foo"
        MISSING@13..13 ""
    ERROR@13..14 "}"
    BRACE_GROUP@14..21
      L_BRACE@14..15 "{"
      BRACE_GROUP@15..20
        L_BRACE@15..16 "{"
        TEXT@16..19
          WORD@16..19 "1.1"
        R_BRACE@19..20 "}"
      R_BRACE@20..21 "}"

