---
source: src/syntax/latex/parser.rs
expression: "setup(r#\"\\begin{foo \\begin{qux Hello World \\end{baz} \\end{bar\"#)"

---
ROOT@0..52
  PREAMBLE@0..52
    ENVIRONMENT@0..52
      BEGIN@0..11
        BEGIN_ENVIRONMENT_NAME@0..6 "\\begin"
        CURLY_GROUP_WORD@6..11
          L_CURLY@6..7 "{"
          KEY@7..11
            WORD@7..10 "foo"
            WHITESPACE@10..11 " "
          MISSING@11..11 ""
      ENVIRONMENT@11..44
        BEGIN@11..34
          BEGIN_ENVIRONMENT_NAME@11..17 "\\begin"
          CURLY_GROUP_WORD@17..34
            L_CURLY@17..18 "{"
            KEY@18..34
              WORD@18..21 "qux"
              WHITESPACE@21..22 " "
              WORD@22..27 "Hello"
              WHITESPACE@27..28 " "
              WORD@28..33 "World"
              WHITESPACE@33..34 " "
            MISSING@34..34 ""
        END@34..44
          END_ENVIRONMENT_NAME@34..38 "\\end"
          CURLY_GROUP_WORD@38..44
            L_CURLY@38..39 "{"
            KEY@39..42
              WORD@39..42 "baz"
            R_CURLY@42..43 "}"
            WHITESPACE@43..44 " "
      END@44..52
        END_ENVIRONMENT_NAME@44..48 "\\end"
        CURLY_GROUP_WORD@48..52
          L_CURLY@48..49 "{"
          KEY@49..52
            WORD@49..52 "bar"
          MISSING@52..52 ""

