---
source: src/syntax/latex/parser.rs
expression: "setup(r#\"\\newcommand{\\foo\"#)"

---
ROOT@0..16
  PREAMBLE@0..16
    COMMAND_DEFINITION@0..16
      COMMAND_DEFINITION_NAME@0..11 "\\newcommand"
      CURLY_GROUP_COMMAND@11..16
        L_CURLY@11..12 "{"
        GENERIC_COMMAND_NAME@12..16 "\\foo"
        MISSING@16..16 ""
      MISSING@16..16 ""

