---
source: src/syntax/latex/parser.rs
expression: "setup(r#\"\\usepgflibrary{foo}\"#)"

---
ROOT@0..19
  PREAMBLE@0..19
    TIKZ_LIBRARY_IMPORT@0..19
      TIKZ_LIBRARY_IMPORT_NAME@0..14 "\\usepgflibrary"
      CURLY_GROUP_WORD_LIST@14..19
        L_CURLY@14..15 "{"
        KEY@15..18
          WORD@15..18 "foo"
        R_CURLY@18..19 "}"

