---
source: src/syntax/latex/parser.rs
expression: "setup(r#\"\\newtheorem{foo}[bar]{Foo}\"#)"

---
ROOT@0..26
  PREAMBLE@0..26
    THEOREM_DEFINITION@0..26
      THEOREM_DEFINITION_NAME@0..11 "\\newtheorem"
      CURLY_GROUP_WORD@11..16
        L_CURLY@11..12 "{"
        KEY@12..15
          WORD@12..15 "foo"
        R_CURLY@15..16 "}"
      BRACK_GROUP_WORD@16..21
        L_BRACK@16..17 "["
        KEY@17..20
          WORD@17..20 "bar"
        R_BRACK@20..21 "]"
      CURLY_GROUP@21..26
        L_CURLY@21..22 "{"
        TEXT@22..25
          WORD@22..25 "Foo"
        R_CURLY@25..26 "}"

