---
source: src/syntax/latex/parser.rs
expression: "setup(r#\"$x \\in [0, \\infty)$\"#)"

---
ROOT@0..19
  PREAMBLE@0..19
    FORMULA@0..19
      DOLLAR@0..1 "$"
      TEXT@1..3
        WORD@1..2 "x"
        WHITESPACE@2..3 " "
      GENERIC_COMMAND@3..18
        GENERIC_COMMAND_NAME@3..6 "\\in"
        WHITESPACE@6..7 " "
        MIXED_GROUP@7..18
          L_BRACK@7..8 "["
          TEXT@8..11
            WORD@8..9 "0"
            COMMA@9..10 ","
            WHITESPACE@10..11 " "
          GENERIC_COMMAND@11..17
            GENERIC_COMMAND_NAME@11..17 "\\infty"
          R_PAREN@17..18 ")"
      DOLLAR@18..19 "$"

