---
source: src/syntax/latex/parser.rs
expression: "setup(r#\"\\documentclass[foo = bar, baz, qux]{article}\"#)"

---
ROOT@0..44
  PREAMBLE@0..44
    CLASS_INCLUDE@0..44
      CLASS_INCLUDE_NAME@0..14 "\\documentclass"
      BRACK_GROUP_KEY_VALUE@14..35
        L_BRACK@14..15 "["
        KEY_VALUE_BODY@15..34
          KEY_VALUE_PAIR@15..24
            KEY@15..19
              WORD@15..18 "foo"
              WHITESPACE@18..19 " "
            EQUALITY_SIGN@19..20 "="
            WHITESPACE@20..21 " "
            VALUE@21..24
              TEXT@21..24
                WORD@21..24 "bar"
          COMMA@24..25 ","
          WHITESPACE@25..26 " "
          KEY_VALUE_PAIR@26..29
            KEY@26..29
              WORD@26..29 "baz"
          COMMA@29..30 ","
          WHITESPACE@30..31 " "
          KEY_VALUE_PAIR@31..34
            KEY@31..34
              WORD@31..34 "qux"
        R_BRACK@34..35 "]"
      CURLY_GROUP_WORD_LIST@35..44
        L_CURLY@35..36 "{"
        KEY@36..43
          WORD@36..43 "article"
        R_CURLY@43..44 "}"

