---
source: src/syntax/latex/parser.rs
expression: "setup(r#\"\\usepackage{amsmath}\"#)"

---
ROOT@0..20
  PREAMBLE@0..20
    PACKAGE_INCLUDE@0..20
      PACKAGE_INCLUDE_NAME@0..11 "\\usepackage"
      CURLY_GROUP_WORD_LIST@11..20
        L_CURLY@11..12 "{"
        KEY@12..19
          WORD@12..19 "amsmath"
        R_CURLY@19..20 "}"

