---
source: src/syntax/latex/parser.rs
assertion_line: 1871
expression: "setup(r#\"\\graphicspath{{../figures/}}\"#)"
---
ROOT@0..28
  PREAMBLE@0..28
    GRAPHICS_PATH@0..28
      GRAPHICS_PATH_NAME@0..13 "\\graphicspath"
      L_CURLY@13..14 "{"
      CURLY_GROUP_WORD@14..27
        L_CURLY@14..15 "{"
        KEY@15..26
          WORD@15..26 "../figures/"
        R_CURLY@26..27 "}"
      R_CURLY@27..28 "}"

