---
source: tests/it/completion.rs
assertion_line: 773
expression: "complete_and_resolve(&server, uri, 1, 3)?"
---
{
  "isIncomplete": false,
  "items": [
    {
      "label": "foobar",
      "kind": 1,
      "detail": "user-defined",
      "preselect": false,
      "sortText": "00",
      "textEdit": {
        "range": {
          "start": {
            "line": 1,
            "character": 1
          },
          "end": {
            "line": 1,
            "character": 6
          }
        },
        "newText": "foobar"
      }
    }
  ]
}
