---
source: tests/it/completion.rs
assertion_line: 506
expression: "complete_and_resolve(&server, uri, 4, 13)?"
---
{
  "isIncomplete": false,
  "items": [
    {
      "label": "theindex",
      "kind": 1,
      "detail": "book.cls",
      "preselect": false,
      "sortText": "00",
      "textEdit": {
        "range": {
          "start": {
            "line": 4,
            "character": 7
          },
          "end": {
            "line": 4,
            "character": 13
          }
        },
        "newText": "theindex"
      }
    }
  ]
}
