---
source: src/tests/text_document/completion.rs
expression: "complete(r#\"\n%BIB main.bib\n%SRC @preamble\n%CUR  ^\n%1.1  ^^^^^^^^\"#)?"
---
[
  {
    "kind": 1,
    "label": "preamble",
    "preselect": false,
    "sortText": "[sortText]",
    "textEdit": {
      "range": "[range]",
      "newText": "preamble"
    }
  }
]
