---
source: src/tests/text_document/formatting.rs
expression: "format(r#\"\n%BIB main.bib\n%SRC @article{foo, bar = {Lorem ipsum dolor sit amet, consectetur adipiscing elit. Lorem ipsum dolor sit amet, \n%SRC consectetur adipiscing elit. Lorem ipsum dolor sit amet, consectetur adipiscing elit.},}\n%SRC \n%SRC @article{foo, bar = {Lorem ipsum dolor sit amet, consectetur adipiscing elit. Lorem ipsum dolor sit amet, \n%SRC consectetur adipiscing elit. Lorem ipsum dolor sit amet, consectetur adipiscing elit.},}\"\"#)?"
---
@article{foo,
    bar = {Lorem ipsum dolor sit amet, consectetur adipiscing elit. Lorem ipsum
           dolor sit amet, consectetur adipiscing elit. Lorem ipsum dolor sit
           amet, consectetur adipiscing elit.},
}

@article{foo,
    bar = {Lorem ipsum dolor sit amet, consectetur adipiscing elit. Lorem ipsum
           dolor sit amet, consectetur adipiscing elit. Lorem ipsum dolor sit
           amet, consectetur adipiscing elit.},
}"

