---
source: src/parser/latex.rs
expression: root
input_file: src/parser/test_data/latex/environment/environment_asymptote.txt
---
ROOT@0..50
  PREAMBLE@0..50
    ENVIRONMENT@0..50
      BEGIN@0..16
        COMMAND_NAME@0..6 "\\begin"
        CURLY_GROUP_WORD@6..16
          L_CURLY@6..7 "{"
          KEY@7..10
            WORD@7..10 "asy"
          R_CURLY@10..11 "}"
          WHITESPACE@11..16 "\n    "
      TEXT@16..22
        WORD@16..22 "printf"
      MIXED_GROUP@22..39
        L_PAREN@22..23 "("
        TEXT@23..35
          WORD@23..29 "\"Hello"
          WHITESPACE@29..30 " "
          WORD@30..35 "World"
        GENERIC_COMMAND@35..37
          COMMAND_NAME@35..37 "\\n"
        TEXT@37..38
          WORD@37..38 "\""
        R_PAREN@38..39 ")"
      TEXT@39..41
        WORD@39..40 ";"
        LINE_BREAK@40..41 "\n"
      END@41..50
        COMMAND_NAME@41..45 "\\end"
        CURLY_GROUP_WORD@45..50
          L_CURLY@45..46 "{"
          KEY@46..49
            WORD@46..49 "asy"
          R_CURLY@49..50 "}"

