---
source: src/parser/bibtex.rs
expression: root
---
ROOT@0..50
  ENTRY@0..50
    TYPE@0..8 "@article"
    L_DELIM@8..9 "{"
    NAME@9..18 "issue_809"
    COMMA@18..19 ","
    WHITESPACE@19..22 "\n  "
    FIELD@22..48
      NAME@22..27 "title"
      WHITESPACE@27..28 " "
      EQ@28..29 "="
      WHITESPACE@29..30 " "
      CURLY_GROUP@30..47
        L_CURLY@30..31 "{"
        WORD@31..34 "foo"
        WHITESPACE@34..35 " "
        WORD@35..36 "("
        QUOTE@36..37 "\""
        WHITESPACE@37..38 " "
        WORD@38..42 "bar)"
        WHITESPACE@42..43 " "
        WORD@43..46 "baz"
        R_CURLY@46..47 "}"
      COMMA@47..48 ","
    WHITESPACE@48..49 "\n"
    R_DELIM@49..50 "}"

