---
source: src/parser/build_log.rs
expression: parse_build_log(&text)
input_file: src/parser/test_data/build_log/007.txt
---
BuildLog {
    errors: [
        BuildError {
            relative_path: "/some/folder/a.tex",
            level: Error,
            message: "Undefined control sequence.",
            hint: Some(
                "    \\lsdkfjlskdfj",
            ),
            line: Some(
                3,
            ),
        },
    ],
}
