---
source: src/parser/bibtex.rs
expression: root
input_file: src/parser/test_data/bibtex/preamble.txt
---
ROOT@0..25
  PREAMBLE@0..25
    TYPE@0..9 "@preamble"
    L_DELIM@9..10 "{"
    QUOTE_GROUP@10..24
      QUOTE@10..11 "\""
      WORD@11..16 "Hello"
      WHITESPACE@16..17 " "
      WORD@17..23 "World!"
      QUOTE@23..24 "\""
    R_DELIM@24..25 "}"

