---
source: tests/integration/text_document/completion.rs
assertion_line: 591
expression: "complete(r#\"\n%BIB main.bib\n%SRC @article{foo, a\n%CUR                ^\n%1.1               ^\"#)?"
---
[
  {
    "data": "[data]",
    "documentation": "[documentation]",
    "kind": 1,
    "label": "abstract",
    "preselect": false,
    "sortText": "[sortText]",
    "textEdit": {
      "range": "[range]",
      "newText": "abstract"
    }
  },
  {
    "data": "[data]",
    "documentation": "[documentation]",
    "kind": 1,
    "label": "addendum",
    "preselect": false,
    "sortText": "[sortText]",
    "textEdit": {
      "range": "[range]",
      "newText": "addendum"
    }
  },
  {
    "data": "[data]",
    "documentation": "[documentation]",
    "kind": 1,
    "label": "address",
    "preselect": false,
    "sortText": "[sortText]",
    "textEdit": {
      "range": "[range]",
      "newText": "address"
    }
  },
  {
    "data": "[data]",
    "documentation": "[documentation]",
    "kind": 1,
    "label": "afterword",
    "preselect": false,
    "sortText": "[sortText]",
    "textEdit": {
      "range": "[range]",
      "newText": "afterword"
    }
  },
  {
    "data": "[data]",
    "documentation": "[documentation]",
    "kind": 1,
    "label": "annotation",
    "preselect": false,
    "sortText": "[sortText]",
    "textEdit": {
      "range": "[range]",
      "newText": "annotation"
    }
  }
]
