---
source: tests/integration/text_document/completion.rs
assertion_line: 133
expression: "complete(r#\"\n%TEX main.tex\n%SRC \\usepackage{amsfonts}\n%SRC \\mathbb{}\n%CUR         ^\"#)?"
---
[
  {
    "data": "[data]",
    "documentation": "[documentation]",
    "kind": 1,
    "label": "A",
    "preselect": false,
    "sortText": "[sortText]",
    "textEdit": {
      "range": "[range]",
      "newText": "A"
    }
  },
  {
    "data": "[data]",
    "documentation": "[documentation]",
    "kind": 1,
    "label": "B",
    "preselect": false,
    "sortText": "[sortText]",
    "textEdit": {
      "range": "[range]",
      "newText": "B"
    }
  },
  {
    "data": "[data]",
    "documentation": "[documentation]",
    "kind": 1,
    "label": "C",
    "preselect": false,
    "sortText": "[sortText]",
    "textEdit": {
      "range": "[range]",
      "newText": "C"
    }
  },
  {
    "data": "[data]",
    "documentation": "[documentation]",
    "kind": 1,
    "label": "D",
    "preselect": false,
    "sortText": "[sortText]",
    "textEdit": {
      "range": "[range]",
      "newText": "D"
    }
  },
  {
    "data": "[data]",
    "documentation": "[documentation]",
    "kind": 1,
    "label": "E",
    "preselect": false,
    "sortText": "[sortText]",
    "textEdit": {
      "range": "[range]",
      "newText": "E"
    }
  }
]
