---
source: crates/commands/src/find_envs.rs
expression: results
---
[
    EnvironmentMatch {
        name: Span(
            "a",
            7..8,
        ),
        full_range: 0..87,
    },
    EnvironmentMatch {
        name: Span(
            "b",
            19..20,
        ),
        full_range: 12..57,
    },
    EnvironmentMatch {
        name: Span(
            "c",
            33..34,
        ),
        full_range: 26..47,
    },
]
