---
source: src/parser/bibtex.rs
expression: root
input_file: src/parser/test_data/bibtex/samples/blom_2021.txt
---
ROOT@0..860
  ENTRY@0..860
    TYPE@0..8 "@article"
    L_DELIM@8..9 "{"
    NAME@9..42 "DBLP:journals/corr/ab ..."
    COMMA@42..43 ","
    WHITESPACE@43..48 "\n    "
    FIELD@48..322
      NAME@48..54 "author"
      WHITESPACE@54..58 "    "
      EQ@58..59 "="
      WHITESPACE@59..60 " "
      CURLY_GROUP@60..321
        L_CURLY@60..61 "{"
        WORD@61..69 "Michelle"
        WHITESPACE@69..70 " "
        WORD@70..72 "L."
        WHITESPACE@72..73 " "
        WORD@73..77 "Blom"
        WHITESPACE@77..78 " "
        WORD@78..81 "and"
        WHITESPACE@81..102 "\n                    "
        WORD@102..109 "Jurlind"
        WHITESPACE@109..110 " "
        WORD@110..119 "Budurushi"
        WHITESPACE@119..120 " "
        WORD@120..123 "and"
        WHITESPACE@123..144 "\n                    "
        WORD@144..150 "Ronald"
        WHITESPACE@150..151 " "
        WORD@151..153 "L."
        WHITESPACE@153..154 " "
        WORD@154..160 "Rivest"
        WHITESPACE@160..161 " "
        WORD@161..164 "and"
        WHITESPACE@164..185 "\n                    "
        WORD@185..191 "Philip"
        WHITESPACE@191..192 " "
        WORD@192..194 "B."
        WHITESPACE@194..195 " "
        WORD@195..200 "Stark"
        WHITESPACE@200..201 " "
        WORD@201..204 "and"
        WHITESPACE@204..225 "\n                    "
        WORD@225..230 "Peter"
        WHITESPACE@230..231 " "
        WORD@231..233 "J."
        WHITESPACE@233..234 " "
        WORD@234..241 "Stuckey"
        WHITESPACE@241..242 " "
        WORD@242..245 "and"
        WHITESPACE@245..266 "\n                    "
        WORD@266..273 "Vanessa"
        WHITESPACE@273..274 " "
        WORD@274..280 "Teague"
        WHITESPACE@280..281 " "
        WORD@281..284 "and"
        WHITESPACE@284..305 "\n                    "
        WORD@305..311 "Damjan"
        WHITESPACE@311..312 " "
        WORD@312..320 "Vukcevic"
        R_CURLY@320..321 "}"
      COMMA@321..322 ","
    WHITESPACE@322..327 "\n    "
    FIELD@327..473
      NAME@327..332 "title"
      WHITESPACE@332..337 "     "
      EQ@337..338 "="
      WHITESPACE@338..339 " "
      CURLY_GROUP@339..472
        L_CURLY@339..340 "{"
        WORD@340..355 "Assertion-based"
        WHITESPACE@355..356 " "
        WORD@356..366 "Approaches"
        WHITESPACE@366..367 " "
        WORD@367..369 "to"
        WHITESPACE@369..370 " "
        WORD@370..378 "Auditing"
        WHITESPACE@378..379 " "
        WORD@379..386 "Complex"
        WHITESPACE@386..387 " "
        WORD@387..396 "Elections"
        COMMA@396..397 ","
        WHITESPACE@397..398 " "
        WORD@398..402 "with"
        WHITESPACE@402..403 " "
        WORD@403..414 "application"
        WHITESPACE@414..435 "\n                    "
        WORD@435..437 "to"
        WHITESPACE@437..438 " "
        WORD@438..448 "party-list"
        WHITESPACE@448..449 " "
        WORD@449..461 "proportional"
        WHITESPACE@461..462 " "
        WORD@462..471 "elections"
        R_CURLY@471..472 "}"
      COMMA@472..473 ","
    WHITESPACE@473..478 "\n    "
    FIELD@478..497
      NAME@478..485 "journal"
      WHITESPACE@485..488 "   "
      EQ@488..489 "="
      WHITESPACE@489..490 " "
      CURLY_GROUP@490..496
        L_CURLY@490..491 "{"
        WORD@491..495 "CoRR"
        R_CURLY@495..496 "}"
      COMMA@496..497 ","
    WHITESPACE@497..502 "\n    "
    FIELD@502..531
      NAME@502..508 "volume"
      WHITESPACE@508..512 "    "
      EQ@512..513 "="
      WHITESPACE@513..514 " "
      CURLY_GROUP@514..530
        L_CURLY@514..515 "{"
        WORD@515..529 "abs/2107.11903"
        R_CURLY@529..530 "}"
      COMMA@530..531 ","
    WHITESPACE@531..536 "\n    "
    FIELD@536..555
      NAME@536..540 "year"
      WHITESPACE@540..546 "      "
      EQ@546..547 "="
      WHITESPACE@547..548 " "
      CURLY_GROUP@548..554
        L_CURLY@548..549 "{"
        INTEGER@549..553 "2021"
        R_CURLY@553..554 "}"
      COMMA@554..555 ","
    WHITESPACE@555..560 "\n    "
    FIELD@560..607
      NAME@560..563 "url"
      WHITESPACE@563..570 "       "
      EQ@570..571 "="
      WHITESPACE@571..572 " "
      CURLY_GROUP@572..606
        L_CURLY@572..573 "{"
        WORD@573..605 "https://arxiv.org/abs ..."
        R_CURLY@605..606 "}"
      COMMA@606..607 ","
    WHITESPACE@607..612 "\n    "
    FIELD@612..633
      NAME@612..622 "eprinttype"
      WHITESPACE@622..623 " "
      EQ@623..624 "="
      WHITESPACE@624..625 " "
      CURLY_GROUP@625..632
        L_CURLY@625..626 "{"
        WORD@626..631 "arXiv"
        R_CURLY@631..632 "}"
      COMMA@632..633 ","
    WHITESPACE@633..638 "\n    "
    FIELD@638..663
      NAME@638..644 "eprint"
      WHITESPACE@644..648 "    "
      EQ@648..649 "="
      WHITESPACE@649..650 " "
      CURLY_GROUP@650..662
        L_CURLY@650..651 "{"
        WORD@651..661 "2107.11903"
        R_CURLY@661..662 "}"
      COMMA@662..663 ","
    WHITESPACE@663..668 "\n    "
    FIELD@668..714
      NAME@668..677 "timestamp"
      WHITESPACE@677..678 " "
      EQ@678..679 "="
      WHITESPACE@679..680 " "
      CURLY_GROUP@680..713
        L_CURLY@680..681 "{"
        WORD@681..684 "Thu"
        COMMA@684..685 ","
        WHITESPACE@685..686 " "
        INTEGER@686..688 "29"
        WHITESPACE@688..689 " "
        WORD@689..692 "Jul"
        WHITESPACE@692..693 " "
        INTEGER@693..697 "2021"
        WHITESPACE@697..698 " "
        WORD@698..706 "16:14:15"
        WHITESPACE@706..707 " "
        WORD@707..712 "+0200"
        R_CURLY@712..713 "}"
      COMMA@713..714 ","
    WHITESPACE@714..719 "\n    "
    FIELD@719..787
      NAME@719..725 "biburl"
      WHITESPACE@725..729 "    "
      EQ@729..730 "="
      WHITESPACE@730..731 " "
      CURLY_GROUP@731..786
        L_CURLY@731..732 "{"
        WORD@732..785 "https://dblp.org/rec/ ..."
        R_CURLY@785..786 "}"
      COMMA@786..787 ","
    WHITESPACE@787..792 "\n    "
    FIELD@792..859
      NAME@792..801 "bibsource"
      WHITESPACE@801..802 " "
      EQ@802..803 "="
      WHITESPACE@803..804 " "
      CURLY_GROUP@804..858
        L_CURLY@804..805 "{"
        WORD@805..809 "dblp"
        WHITESPACE@809..810 " "
        WORD@810..818 "computer"
        WHITESPACE@818..819 " "
        WORD@819..826 "science"
        WHITESPACE@826..827 " "
        WORD@827..839 "bibliography"
        COMMA@839..840 ","
        WHITESPACE@840..841 " "
        WORD@841..857 "https://dblp.org"
        R_CURLY@857..858 "}"
      WHITESPACE@858..859 "\n"
    R_DELIM@859..860 "}"

