---
source: src/parser/latex.rs
expression: root
input_file: src/parser/test_data/latex/glossary/acronym_package.txt
---
ROOT@0..35
  PREAMBLE@0..35
    ACRONYM_DEFINITION@0..35
      COMMAND_NAME@0..5 "\\acro"
      CURLY_GROUP_WORD@5..10
        L_CURLY@5..6 "{"
        KEY@6..9
          WORD@6..9 "fps"
        R_CURLY@9..10 "}"
      BRACK_GROUP@10..15
        L_BRACK@10..11 "["
        TEXT@11..14
          WORD@11..14 "FPS"
        R_BRACK@14..15 "]"
      CURLY_GROUP@15..35
        L_CURLY@15..16 "{"
        TEXT@16..33
          WORD@16..22 "Frames"
          WHITESPACE@22..23 " "
          WORD@23..26 "per"
          WHITESPACE@26..27 " "
          WORD@27..33 "Second"
        R_CURLY@33..34 "}"
        LINE_BREAK@34..35 "\n"

