---
source: src/parser/latex.rs
expression: root
input_file: src/parser/test_data/latex/glossary/acronym_reference_simple.txt
---
ROOT@0..19
  PREAMBLE@0..19
    ACRONYM_REFERENCE@0..19
      COMMAND_NAME@0..9 "\\acrshort"
      CURLY_GROUP_WORD@9..19
        L_CURLY@9..10 "{"
        KEY@10..18
          WORD@10..18 "fpsLabel"
        R_CURLY@18..19 "}"

