---
source: src/syntax/latex.rs
expression: "setup(r#\"\\acrshort[foo=bar,baz]{fpsLabel}\"#)"

---
ROOT@0..32
  PREAMBLE@0..32
    ACRONYM_REFERENCE@0..32
      ACRONYM_REFERENCE_COMMAND@0..9 "\\acrshort"
      BRACKET_GROUP_KEY_VALUE@9..22
        L_BRACKET@9..10 "["
        KEY_VALUE_BODY@10..21
          KEY_VALUE_PAIR@10..21
            KEY@10..13
              WORD@10..13 "foo"
            EQUALITY_SIGN@13..14 "="
            VALUE@14..21
              TEXT@14..21
                WORD@14..17 "bar"
                COMMA@17..18 ","
                WORD@18..21 "baz"
        R_BRACKET@21..22 "]"
      BRACE_GROUP_WORD@22..32
        L_BRACE@22..23 "{"
        WORD@23..31 "fpsLabel"
        R_BRACE@31..32 "}"

