---
source: src/syntax/latex.rs
expression: "setup(r#\"\\newacronym{fpsLabel}{FPS}{Frame per Second}\"#)"

---
ROOT@0..44
  PREAMBLE@0..44
    ACRONYM_DEFINITION@0..44
      ACRONYM_DEFINITION_COMMAND@0..11 "\\newacronym"
      BRACE_GROUP_WORD@11..21
        L_BRACE@11..12 "{"
        WORD@12..20 "fpsLabel"
        R_BRACE@20..21 "}"
      BRACE_GROUP@21..26
        L_BRACE@21..22 "{"
        TEXT@22..25
          WORD@22..25 "FPS"
        R_BRACE@25..26 "}"
      BRACE_GROUP@26..44
        L_BRACE@26..27 "{"
        TEXT@27..43
          WORD@27..32 "Frame"
          WHITESPACE@32..33 " "
          WORD@33..36 "per"
          WHITESPACE@36..37 " "
          WORD@37..43 "Second"
        R_BRACE@43..44 "}"

