---
source: src/syntax/latex.rs
expression: "setup(r#\"\\newtheorem{foo}[bar]\"#)"

---
ROOT@0..21
  PREAMBLE@0..21
    THEOREM_DEFINITION@0..21
      THEOREM_DEFINITION_COMMAND@0..11 "\\newtheorem"
      BRACE_GROUP_WORD@11..16
        L_BRACE@11..12 "{"
        WORD@12..15 "foo"
        R_BRACE@15..16 "}"
      BRACKET_GROUP_WORD@16..21
        L_BRACKET@16..17 "["
        WORD@17..20 "bar"
        R_BRACKET@20..21 "]"
      MISSING@21..21 ""

