---
source: src/syntax/latex.rs
expression: "setup(r#\"\\definecolorset{rgb,HTML}{foo}\"#)"

---
ROOT@0..30
  PREAMBLE@0..30
    COLOR_SET_DEFINITION@0..30
      COLOR_SET_DEFINITION_COMMAND@0..15 "\\definecolorset"
      BRACE_GROUP_WORD_LIST@15..25
        L_BRACE@15..16 "{"
        WORD@16..19 "rgb"
        COMMA@19..20 ","
        WORD@20..24 "HTML"
        R_BRACE@24..25 "}"
      BRACE_GROUP_WORD@25..30
        L_BRACE@25..26 "{"
        WORD@26..29 "foo"
        R_BRACE@29..30 "}"
      MISSING@30..30 ""
      MISSING@30..30 ""

