---
source: src/syntax/latex.rs
expression: "setup(r#\"\\input{foo/bar.tex}\"#)"

---
ROOT@0..19
  PREAMBLE@0..19
    LATEX_INCLUDE@0..19
      LATEX_INCLUDE_COMMAND@0..6 "\\input"
      BRACE_GROUP_WORD_LIST@6..19
        L_BRACE@6..7 "{"
        WORD@7..18 "foo/bar.tex"
        R_BRACE@18..19 "}"

