---
source: src/syntax/latex.rs
expression: "setup(r#\"\\usepackage{amsmath, lipsum}\"#)"

---
ROOT@0..28
  PREAMBLE@0..28
    PACKAGE_INCLUDE@0..28
      PACKAGE_INCLUDE_COMMAND@0..11 "\\usepackage"
      BRACE_GROUP_WORD_LIST@11..28
        L_BRACE@11..12 "{"
        WORD@12..19 "amsmath"
        COMMA@19..20 ","
        WHITESPACE@20..21 " "
        WORD@21..27 "lipsum"
        R_BRACE@27..28 "}"

