---
source: tests/integration/lsp/text_document/completion.rs
assertion_line: 446
expression: "complete(r#\"\n%BIB main.bib\n%SRC @article{b, \n%SRC     c = {\\LaT }\n%CUR            ^\n%1.1           ^^^\n%SRC }\"#)?"
---
[
  {
    "data": "[data]",
    "detail": "built-in",
    "kind": 1,
    "label": "LaTeX",
    "preselect": false,
    "sortText": "[sortText]",
    "textEdit": {
      "range": "[range]",
      "newText": "LaTeX"
    }
  },
  {
    "data": "[data]",
    "detail": "built-in",
    "kind": 1,
    "label": "LaTeXe",
    "preselect": false,
    "sortText": "[sortText]",
    "textEdit": {
      "range": "[range]",
      "newText": "LaTeXe"
    }
  },
  {
    "data": "[data]",
    "detail": "built-in",
    "kind": 1,
    "label": "latexreleaseversion",
    "preselect": false,
    "sortText": "[sortText]",
    "textEdit": {
      "range": "[range]",
      "newText": "latexreleaseversion"
    }
  },
  {
    "data": "[data]",
    "detail": "built-in",
    "kind": 1,
    "label": "LastDeclaredEncoding",
    "preselect": false,
    "sortText": "[sortText]",
    "textEdit": {
      "range": "[range]",
      "newText": "LastDeclaredEncoding"
    }
  },
  {
    "data": "[data]",
    "detail": "built-in",
    "kind": 1,
    "label": "last",
    "preselect": false,
    "sortText": "[sortText]",
    "textEdit": {
      "range": "[range]",
      "newText": "last"
    }
  }
]
