---
source: tests/integration/lsp/text_document/publish_diagnostics.rs
assertion_line: 240
expression: result.all_diagnostics
---
{
  "[tmp]/main.tex": [
    {
      "range": {
        "start": {
          "line": 7,
          "character": 0
        },
        "end": {
          "line": 7,
          "character": 0
        }
      },
      "severity": 2,
      "source": "latex-build",
      "message": "Overfull \\hbox (80.00125pt too wide) in paragraph at lines 8--9"
    }
  ]
}
