---
source: tests/integration/lsp/text_document/completion.rs
assertion_line: 253
expression: "complete(r#\"\n%TEX main.tex\n%SRC \\addbibresource{main.bib}\n%SRC \\cite{\n%CUR       ^\n\n%BIB main.bib\n%SRC @article{foo,}\"#)?"
---
[
  {
    "data": "[data]",
    "filterText": "foo @article foo",
    "kind": 1,
    "label": "foo",
    "preselect": false,
    "sortText": "[sortText]",
    "textEdit": {
      "range": "[range]",
      "newText": "foo"
    }
  }
]
