---
source: crates/parser/src/build_log.rs
expression: parse_build_log(&text)
input_file: crates/parser/src/test_data/build_log/006.txt
---
BuildLog {
    errors: [
        BuildError {
            relative_path: "./parent.tex",
            level: Error,
            message: "Undefined control sequence.",
            hint: Some(
                "\\foo",
            ),
            line: Some(
                6,
            ),
        },
        BuildError {
            relative_path: "./parent.tex",
            level: Error,
            message: "Missing $ inserted.",
            hint: Some(
                "\\bar",
            ),
            line: Some(
                7,
            ),
        },
        BuildError {
            relative_path: "./parent.tex",
            level: Error,
            message: "Undefined control sequence.",
            hint: Some(
                "\\baz",
            ),
            line: Some(
                8,
            ),
        },
        BuildError {
            relative_path: "./parent.tex",
            level: Error,
            message: "Missing { inserted.",
            hint: None,
            line: Some(
                9,
            ),
        },
        BuildError {
            relative_path: "./parent.tex",
            level: Error,
            message: "Missing $ inserted.",
            hint: None,
            line: Some(
                9,
            ),
        },
        BuildError {
            relative_path: "./parent.tex",
            level: Error,
            message: "Missing } inserted.",
            hint: None,
            line: Some(
                9,
            ),
        },
    ],
}
