---
source: crates/parser/src/latex.rs
expression: root
input_file: crates/parser/src/test_data/latex/block_comments.txt
---
ROOT@0..48
  PREAMBLE@0..48
    TEXT@0..4
      WORD@0..3 "Foo"
      LINE_BREAK@3..4 "\n"
    BLOCK_COMMENT@4..22
      COMMAND_NAME@4..12 "\\iffalse"
      LINE_BREAK@12..13 "\n"
      WORD@13..18 "Test1"
      LINE_BREAK@18..19 "\n"
      COMMAND_NAME@19..22 "\\fi"
    LINE_BREAK@22..23 "\n"
    TEXT@23..27
      WORD@23..26 "Bar"
      LINE_BREAK@26..27 "\n"
    BLOCK_COMMENT@27..44
      COMMAND_NAME@27..35 "\\iffalse"
      LINE_BREAK@35..36 "\n"
      COMMAND_NAME@36..40 "\\fii"
      LINE_BREAK@40..41 "\n"
      COMMAND_NAME@41..44 "\\fi"
    LINE_BREAK@44..45 "\n"
    TEXT@45..48
      WORD@45..48 "Baz"

