---
source: crates/parser/src/latex.rs
expression: root
input_file: crates/parser/src/test_data/latex/issue_828.txt
---
ROOT@0..51
  PREAMBLE@0..51
    GENERIC_COMMAND@0..5
      COMMAND_NAME@0..5 "\\verb"
    VERBATIM@5..6 "|"
    VERBATIM@6..17 "<STATEMENT>"
    VERBATIM@17..22 "     "
    VERBATIM@22..24 "if"
    VERBATIM@24..25 "("
    VERBATIM@25..31 "<expr>"
    VERBATIM@31..32 ")"
    VERBATIM@32..33 "{"
    VERBATIM@33..43 "<body>else"
    VERBATIM@43..44 "{"
    VERBATIM@44..50 "<body>"
    VERBATIM@50..51 "|"

