---
source: crates/parser/src/bibtex.rs
expression: root
input_file: crates/parser/src/test_data/bibtex/samples/combi_2004.txt
---
ROOT@0..674
  ENTRY@0..674
    TYPE@0..14 "@inproceedings"
    L_DELIM@14..15 "{"
    NAME@15..36 "10.1145/967900.968040"
    COMMA@36..37 ","
    WHITESPACE@37..42 "\n    "
    FIELD@42..86
      NAME@42..48 "author"
      WHITESPACE@48..49 " "
      EQ@49..50 "="
      WHITESPACE@50..51 " "
      CURLY_GROUP@51..85
        L_CURLY@51..52 "{"
        WORD@52..57 "Combi"
        COMMA@57..58 ","
        WHITESPACE@58..59 " "
        WORD@59..64 "Carlo"
        WHITESPACE@64..65 " "
        WORD@65..68 "and"
        WHITESPACE@68..69 " "
        WORD@69..74 "Pozzi"
        COMMA@74..75 ","
        WHITESPACE@75..76 " "
        WORD@76..84 "Giuseppe"
        R_CURLY@84..85 "}"
      COMMA@85..86 ","
    WHITESPACE@86..91 "\n    "
    FIELD@91..157
      NAME@91..96 "title"
      WHITESPACE@96..97 " "
      EQ@97..98 "="
      WHITESPACE@98..99 " "
      CURLY_GROUP@99..156
        L_CURLY@99..100 "{"
        WORD@100..113 "Architectures"
        WHITESPACE@113..114 " "
        WORD@114..117 "for"
        WHITESPACE@117..118 " "
        WORD@118..119 "a"
        WHITESPACE@119..120 " "
        WORD@120..128 "Temporal"
        WHITESPACE@128..129 " "
        WORD@129..137 "Workflow"
        WHITESPACE@137..138 " "
        WORD@138..148 "Management"
        WHITESPACE@148..149 " "
        WORD@149..155 "System"
        R_CURLY@155..156 "}"
      COMMA@156..157 ","
    WHITESPACE@157..162 "\n    "
    FIELD@162..176
      NAME@162..166 "year"
      WHITESPACE@166..167 " "
      EQ@167..168 "="
      WHITESPACE@168..169 " "
      CURLY_GROUP@169..175
        L_CURLY@169..170 "{"
        INTEGER@170..174 "2004"
        R_CURLY@174..175 "}"
      COMMA@175..176 ","
    WHITESPACE@176..181 "\n    "
    FIELD@181..201
      NAME@181..185 "isbn"
      WHITESPACE@185..186 " "
      EQ@186..187 "="
      WHITESPACE@187..188 " "
      CURLY_GROUP@188..200
        L_CURLY@188..189 "{"
        INTEGER@189..199 "1581138121"
        R_CURLY@199..200 "}"
      COMMA@200..201 ","
    WHITESPACE@201..206 "\n    "
    FIELD@206..256
      NAME@206..215 "publisher"
      WHITESPACE@215..216 " "
      EQ@216..217 "="
      WHITESPACE@217..218 " "
      CURLY_GROUP@218..255
        L_CURLY@218..219 "{"
        WORD@219..230 "Association"
        WHITESPACE@230..231 " "
        WORD@231..234 "for"
        WHITESPACE@234..235 " "
        WORD@235..244 "Computing"
        WHITESPACE@244..245 " "
        WORD@245..254 "Machinery"
        R_CURLY@254..255 "}"
      COMMA@255..256 ","
    WHITESPACE@256..261 "\n    "
    FIELD@261..291
      NAME@261..268 "address"
      WHITESPACE@268..269 " "
      EQ@269..270 "="
      WHITESPACE@270..271 " "
      CURLY_GROUP@271..290
        L_CURLY@271..272 "{"
        WORD@272..275 "New"
        WHITESPACE@275..276 " "
        WORD@276..280 "York"
        COMMA@280..281 ","
        WHITESPACE@281..282 " "
        WORD@282..284 "NY"
        COMMA@284..285 ","
        WHITESPACE@285..286 " "
        WORD@286..289 "USA"
        R_CURLY@289..290 "}"
      COMMA@290..291 ","
    WHITESPACE@291..296 "\n    "
    FIELD@296..342
      NAME@296..299 "url"
      WHITESPACE@299..300 " "
      EQ@300..301 "="
      WHITESPACE@301..302 " "
      CURLY_GROUP@302..341
        L_CURLY@302..303 "{"
        WORD@303..340 "https://doi.org/10.11 ..."
        R_CURLY@340..341 "}"
      COMMA@341..342 ","
    WHITESPACE@342..347 "\n    "
    FIELD@347..377
      NAME@347..350 "doi"
      WHITESPACE@350..351 " "
      EQ@351..352 "="
      WHITESPACE@352..353 " "
      CURLY_GROUP@353..376
        L_CURLY@353..354 "{"
        WORD@354..375 "10.1145/967900.968040"
        R_CURLY@375..376 "}"
      COMMA@376..377 ","
    WHITESPACE@377..382 "\n    "
    FIELD@382..455
      NAME@382..391 "booktitle"
      WHITESPACE@391..392 " "
      EQ@392..393 "="
      WHITESPACE@393..394 " "
      CURLY_GROUP@394..454
        L_CURLY@394..395 "{"
        WORD@395..406 "Proceedings"
        WHITESPACE@406..407 " "
        WORD@407..409 "of"
        WHITESPACE@409..410 " "
        WORD@410..413 "the"
        WHITESPACE@413..414 " "
        INTEGER@414..418 "2004"
        WHITESPACE@418..419 " "
        WORD@419..422 "ACM"
        WHITESPACE@422..423 " "
        WORD@423..432 "Symposium"
        WHITESPACE@432..433 " "
        WORD@433..435 "on"
        WHITESPACE@435..436 " "
        WORD@436..443 "Applied"
        WHITESPACE@443..444 " "
        WORD@444..453 "Computing"
        R_CURLY@453..454 "}"
      COMMA@454..455 ","
    WHITESPACE@455..460 "\n    "
    FIELD@460..478
      NAME@460..465 "pages"
      WHITESPACE@465..466 " "
      EQ@466..467 "="
      WHITESPACE@467..468 " "
      CURLY_GROUP@468..477
        L_CURLY@468..469 "{"
        WORD@469..476 "659-666"
        R_CURLY@476..477 "}"
      COMMA@477..478 ","
    WHITESPACE@478..483 "\n    "
    FIELD@483..498
      NAME@483..491 "numpages"
      WHITESPACE@491..492 " "
      EQ@492..493 "="
      WHITESPACE@493..494 " "
      CURLY_GROUP@494..497
        L_CURLY@494..495 "{"
        INTEGER@495..496 "8"
        R_CURLY@496..497 "}"
      COMMA@497..498 ","
    WHITESPACE@498..503 "\n    "
    FIELD@503..615
      NAME@503..511 "keywords"
      WHITESPACE@511..512 " "
      EQ@512..513 "="
      WHITESPACE@513..514 " "
      CURLY_GROUP@514..614
        L_CURLY@514..515 "{"
        WORD@515..521 "active"
        WHITESPACE@521..522 " "
        WORD@522..526 "DBMS"
        COMMA@526..527 ","
        WHITESPACE@527..528 " "
        WORD@528..536 "temporal"
        WHITESPACE@536..537 " "
        WORD@537..541 "DBMS"
        COMMA@541..542 ","
        WHITESPACE@542..543 " "
        WORD@543..551 "workflow"
        WHITESPACE@551..552 " "
        WORD@552..562 "management"
        WHITESPACE@562..563 " "
        WORD@563..569 "system"
        WHITESPACE@569..570 " "
        WORD@570..571 "-"
        WHITESPACE@571..572 " "
        WORD@572..576 "WfMS"
        COMMA@576..577 ","
        WHITESPACE@577..578 " "
        WORD@578..586 "temporal"
        WHITESPACE@586..587 " "
        WORD@587..595 "workflow"
        WHITESPACE@595..596 " "
        WORD@596..606 "management"
        WHITESPACE@606..607 " "
        WORD@607..613 "system"
        R_CURLY@613..614 "}"
      COMMA@614..615 ","
    WHITESPACE@615..620 "\n    "
    FIELD@620..649
      NAME@620..628 "location"
      WHITESPACE@628..629 " "
      EQ@629..630 "="
      WHITESPACE@630..631 " "
      CURLY_GROUP@631..648
        L_CURLY@631..632 "{"
        WORD@632..639 "Nicosia"
        COMMA@639..640 ","
        WHITESPACE@640..641 " "
        WORD@641..647 "Cyprus"
        R_CURLY@647..648 "}"
      COMMA@648..649 ","
    WHITESPACE@649..654 "\n    "
    FIELD@654..673
      NAME@654..660 "series"
      WHITESPACE@660..661 " "
      EQ@661..662 "="
      WHITESPACE@662..663 " "
      CURLY_GROUP@663..672
        L_CURLY@663..664 "{"
        WORD@664..667 "SAC"
        WHITESPACE@667..668 " "
        WORD@668..671 "'04"
        R_CURLY@671..672 "}"
      WHITESPACE@672..673 "\n"
    R_DELIM@673..674 "}"

