---
source: crates/parser/src/bibtex.rs
expression: root
input_file: crates/parser/src/test_data/bibtex/samples/kastenholz_2006.txt
---
ROOT@0..898
  STRING@0..35
    TYPE@0..7 "@string"
    L_DELIM@7..8 "{"
    NAME@8..13 "jchph"
    WHITESPACE@13..16 "   "
    EQ@16..17 "="
    WHITESPACE@17..18 " "
    CURLY_GROUP@18..34
      L_CURLY@18..19 "{"
      WORD@19..21 "J."
      NBSP@21..22 "~"
      WORD@22..27 "Chem."
      WHITESPACE@27..28 " "
      WORD@28..33 "Phys."
      R_CURLY@33..34 "}"
    R_DELIM@34..35 "}"
  JUNK@35..37 "\n\n"
  ENTRY@37..898
    TYPE@37..45 "@article"
    L_DELIM@45..46 "{"
    NAME@46..56 "kastenholz"
    COMMA@56..57 ","
    WHITESPACE@57..62 "\n    "
    FIELD@62..130
      NAME@62..68 "author"
      WHITESPACE@68..75 "       "
      EQ@75..76 "="
      WHITESPACE@76..77 " "
      CURLY_GROUP@77..129
        L_CURLY@77..78 "{"
        WORD@78..88 "Kastenholz"
        COMMA@88..89 ","
        WHITESPACE@89..90 " "
        WORD@90..92 "M."
        WHITESPACE@92..93 " "
        WORD@93..95 "A."
        WHITESPACE@95..96 " "
        WORD@96..99 "and"
        WHITESPACE@99..100 " "
        WORD@100..101 "H"
        CURLY_GROUP@101..106
          L_CURLY@101..102 "{"
          ACCENT@102..105
            ACCENT_NAME@102..104 "\\\""
            WORD@104..105 "u"
          R_CURLY@105..106 "}"
        WORD@106..115 "nenberger"
        COMMA@115..116 ","
        WHITESPACE@116..117 " "
        WORD@117..125 "Philippe"
        WHITESPACE@125..126 " "
        WORD@126..128 "H."
        R_CURLY@128..129 "}"
      COMMA@129..130 ","
    WHITESPACE@130..135 "\n    "
    FIELD@135..275
      NAME@135..140 "title"
      WHITESPACE@140..148 "        "
      EQ@148..149 "="
      WHITESPACE@149..150 " "
      CURLY_GROUP@150..274
        L_CURLY@150..151 "{"
        WORD@151..162 "Computation"
        WHITESPACE@162..163 " "
        WORD@163..165 "of"
        WHITESPACE@165..166 " "
        WORD@166..177 "methodology"
        COMMAND@177..184
          COMMAND_NAME@177..184 "\\hyphen"
        WHITESPACE@184..185 " "
        WORD@185..196 "independent"
        WHITESPACE@196..197 " "
        WORD@197..202 "ionic"
        WHITESPACE@202..203 " "
        WORD@203..212 "solvation"
        WHITESPACE@212..233 "\n                    "
        WORD@233..237 "free"
        WHITESPACE@237..238 " "
        WORD@238..246 "energies"
        WHITESPACE@246..247 " "
        WORD@247..251 "from"
        WHITESPACE@251..252 " "
        WORD@252..261 "molecular"
        WHITESPACE@261..262 " "
        WORD@262..273 "simulations"
        R_CURLY@273..274 "}"
      COMMA@274..275 ","
    WHITESPACE@275..280 "\n    "
    FIELD@280..301
      NAME@280..292 "journaltitle"
      WHITESPACE@292..293 " "
      EQ@293..294 "="
      WHITESPACE@294..295 " "
      LITERAL@295..300
        NAME@295..300 "jchph"
      COMMA@300..301 ","
    WHITESPACE@301..306 "\n    "
    FIELD@306..326
      NAME@306..310 "date"
      WHITESPACE@310..319 "         "
      EQ@319..320 "="
      WHITESPACE@320..321 " "
      LITERAL@321..325
        INTEGER@321..325 "2006"
      COMMA@325..326 ","
    WHITESPACE@326..331 "\n    "
    FIELD@331..404
      NAME@331..339 "subtitle"
      WHITESPACE@339..344 "     "
      EQ@344..345 "="
      WHITESPACE@345..346 " "
      CURLY_GROUP@346..403
        L_CURLY@346..347 "{"
        CURLY_GROUP@347..350
          L_CURLY@347..348 "{"
          WORD@348..349 "I"
          R_CURLY@349..350 "}"
        WORD@350..351 "."
        WHITESPACE@351..352 " "
        CURLY_GROUP@352..357
          L_CURLY@352..353 "{"
          WORD@353..356 "The"
          R_CURLY@356..357 "}"
        WHITESPACE@357..358 " "
        WORD@358..371 "electrostatic"
        WHITESPACE@371..372 " "
        WORD@372..381 "potential"
        WHITESPACE@381..382 " "
        WORD@382..384 "in"
        WHITESPACE@384..385 " "
        WORD@385..394 "molecular"
        WHITESPACE@394..395 " "
        WORD@395..402 "liquids"
        R_CURLY@402..403 "}"
      COMMA@403..404 ","
    WHITESPACE@404..409 "\n    "
    FIELD@409..428
      NAME@409..415 "volume"
      WHITESPACE@415..422 "       "
      EQ@422..423 "="
      WHITESPACE@423..424 " "
      LITERAL@424..427
        INTEGER@424..427 "124"
      COMMA@427..428 ","
    WHITESPACE@428..433 "\n    "
    FIELD@433..455
      NAME@433..436 "eid"
      WHITESPACE@436..446 "          "
      EQ@446..447 "="
      WHITESPACE@447..448 " "
      LITERAL@448..454
        INTEGER@448..454 "124106"
      COMMA@454..455 ","
    WHITESPACE@455..460 "\n    "
    FIELD@460..495
      NAME@460..463 "doi"
      WHITESPACE@463..473 "          "
      EQ@473..474 "="
      WHITESPACE@474..475 " "
      CURLY_GROUP@475..494
        L_CURLY@475..476 "{"
        WORD@476..493 "10.1063/1.2172593"
        R_CURLY@493..494 "}"
      COMMA@494..495 ","
    WHITESPACE@495..500 "\n    "
    FIELD@500..525
      NAME@500..506 "langid"
      WHITESPACE@506..513 "       "
      EQ@513..514 "="
      WHITESPACE@514..515 " "
      CURLY_GROUP@515..524
        L_CURLY@515..516 "{"
        WORD@516..523 "english"
        R_CURLY@523..524 "}"
      COMMA@524..525 ","
    WHITESPACE@525..530 "\n    "
    FIELD@530..564
      NAME@530..540 "langidopts"
      WHITESPACE@540..543 "   "
      EQ@543..544 "="
      WHITESPACE@544..545 " "
      CURLY_GROUP@545..563
        L_CURLY@545..546 "{"
        WORD@546..562 "variant=american"
        R_CURLY@562..563 "}"
      COMMA@563..564 ","
    WHITESPACE@564..569 "\n    "
    FIELD@569..631
      NAME@569..579 "indextitle"
      WHITESPACE@579..582 "   "
      EQ@582..583 "="
      WHITESPACE@583..584 " "
      CURLY_GROUP@584..630
        L_CURLY@584..585 "{"
        WORD@585..596 "Computation"
        WHITESPACE@596..597 " "
        WORD@597..599 "of"
        WHITESPACE@599..600 " "
        WORD@600..605 "ionic"
        WHITESPACE@605..606 " "
        WORD@606..615 "solvation"
        WHITESPACE@615..616 " "
        WORD@616..620 "free"
        WHITESPACE@620..621 " "
        WORD@621..629 "energies"
        R_CURLY@629..630 "}"
      COMMA@630..631 ","
    WHITESPACE@631..636 "\n    "
    FIELD@636..896
      NAME@636..646 "annotation"
      WHITESPACE@646..649 "   "
      EQ@649..650 "="
      WHITESPACE@650..651 " "
      CURLY_GROUP@651..895
        L_CURLY@651..652 "{"
        WORD@652..654 "An"
        WHITESPACE@654..655 " "
        COMMAND@655..662
          COMMAND_NAME@655..662 "\\texttt"
        CURLY_GROUP@662..671
          L_CURLY@662..663 "{"
          WORD@663..670 "article"
          R_CURLY@670..671 "}"
        WHITESPACE@671..672 " "
        WORD@672..677 "entry"
        WHITESPACE@677..678 " "
        WORD@678..682 "with"
        WHITESPACE@682..683 " "
        WORD@683..685 "an"
        WHITESPACE@685..686 " "
        COMMAND@686..693
          COMMAND_NAME@686..693 "\\texttt"
        CURLY_GROUP@693..698
          L_CURLY@693..694 "{"
          WORD@694..697 "eid"
          R_CURLY@697..698 "}"
        WHITESPACE@698..699 " "
        WORD@699..702 "and"
        WHITESPACE@702..703 " "
        WORD@703..704 "a"
        WHITESPACE@704..725 "\n                    "
        COMMAND@725..732
          COMMAND_NAME@725..732 "\\texttt"
        CURLY_GROUP@732..737
          L_CURLY@732..733 "{"
          WORD@733..736 "doi"
          R_CURLY@736..737 "}"
        WHITESPACE@737..738 " "
        WORD@738..744 "field."
        WHITESPACE@744..745 " "
        WORD@745..749 "Note"
        WHITESPACE@749..750 " "
        WORD@750..754 "that"
        WHITESPACE@754..755 " "
        WORD@755..758 "the"
        WHITESPACE@758..759 " "
        COMMAND@759..766
          COMMAND_NAME@759..766 "\\textsc"
        CURLY_GROUP@766..771
          L_CURLY@766..767 "{"
          WORD@767..770 "doi"
          R_CURLY@770..771 "}"
        WHITESPACE@771..772 " "
        WORD@772..774 "is"
        WHITESPACE@774..775 " "
        WORD@775..786 "transformed"
        WHITESPACE@786..807 "\n                    "
        WORD@807..811 "into"
        WHITESPACE@811..812 " "
        WORD@812..813 "a"
        WHITESPACE@813..814 " "
        WORD@814..823 "clickable"
        WHITESPACE@823..824 " "
        WORD@824..828 "link"
        WHITESPACE@828..829 " "
        WORD@829..831 "if"
        WHITESPACE@831..832 " "
        COMMAND@832..839
          COMMAND_NAME@832..839 "\\texttt"
        CURLY_GROUP@839..849
          L_CURLY@839..840 "{"
          WORD@840..848 "hyperref"
          R_CURLY@848..849 "}"
        WHITESPACE@849..850 " "
        WORD@850..857 "support"
        WHITESPACE@857..858 " "
        WORD@858..861 "has"
        WHITESPACE@861..862 " "
        WORD@862..866 "been"
        WHITESPACE@866..887 "\n                    "
        WORD@887..894 "enabled"
        R_CURLY@894..895 "}"
      COMMA@895..896 ","
    WHITESPACE@896..897 "\n"
    R_DELIM@897..898 "}"

