---
source: crates/parser/src/bibtex.rs
expression: root
input_file: crates/parser/src/test_data/bibtex/samples/erwin_2007.txt
---
ROOT@0..615
  ENTRY@0..615
    TYPE@0..14 "@inproceedings"
    L_DELIM@14..15 "{"
    NAME@15..38 "10.5555/1386993.1386994"
    COMMA@38..39 ","
    WHITESPACE@39..44 "\n    "
    FIELD@44..107
      NAME@44..50 "author"
      WHITESPACE@50..51 " "
      EQ@51..52 "="
      WHITESPACE@52..53 " "
      CURLY_GROUP@53..106
        L_CURLY@53..54 "{"
        WORD@54..59 "Erwin"
        COMMA@59..60 ","
        WHITESPACE@60..61 " "
        WORD@61..65 "Alva"
        WHITESPACE@65..66 " "
        WORD@66..69 "and"
        WHITESPACE@69..70 " "
        WORD@70..77 "Gopalan"
        COMMA@77..78 ","
        WHITESPACE@78..79 " "
        WORD@79..82 "Raj"
        WHITESPACE@82..83 " "
        WORD@83..85 "P."
        WHITESPACE@85..86 " "
        WORD@86..89 "and"
        WHITESPACE@89..90 " "
        WORD@90..98 "Achuthan"
        COMMA@98..99 ","
        WHITESPACE@99..100 " "
        WORD@100..102 "N."
        WHITESPACE@102..103 " "
        WORD@103..105 "R."
        R_CURLY@105..106 "}"
      COMMA@106..107 ","
    WHITESPACE@107..112 "\n    "
    FIELD@112..194
      NAME@112..117 "title"
      WHITESPACE@117..118 " "
      EQ@118..119 "="
      WHITESPACE@119..120 " "
      CURLY_GROUP@120..193
        L_CURLY@120..121 "{"
        WORD@121..122 "A"
        WHITESPACE@122..123 " "
        WORD@123..132 "Bottom-up"
        WHITESPACE@132..133 " "
        WORD@133..143 "Projection"
        WHITESPACE@143..144 " "
        WORD@144..149 "Based"
        WHITESPACE@149..150 " "
        WORD@150..159 "Algorithm"
        WHITESPACE@159..160 " "
        WORD@160..163 "for"
        WHITESPACE@163..164 " "
        WORD@164..170 "Mining"
        WHITESPACE@170..171 " "
        WORD@171..175 "High"
        WHITESPACE@175..176 " "
        WORD@176..183 "Utility"
        WHITESPACE@183..184 " "
        WORD@184..192 "Itemsets"
        R_CURLY@192..193 "}"
      COMMA@193..194 ","
    WHITESPACE@194..199 "\n    "
    FIELD@199..213
      NAME@199..203 "year"
      WHITESPACE@203..204 " "
      EQ@204..205 "="
      WHITESPACE@205..206 " "
      CURLY_GROUP@206..212
        L_CURLY@206..207 "{"
        INTEGER@207..211 "2007"
        R_CURLY@211..212 "}"
      COMMA@212..213 ","
    WHITESPACE@213..218 "\n    "
    FIELD@218..241
      NAME@218..222 "isbn"
      WHITESPACE@222..223 " "
      EQ@223..224 "="
      WHITESPACE@224..225 " "
      CURLY_GROUP@225..240
        L_CURLY@225..226 "{"
        INTEGER@226..239 "9781920682651"
        R_CURLY@239..240 "}"
      COMMA@240..241 ","
    WHITESPACE@241..246 "\n    "
    FIELD@246..294
      NAME@246..255 "publisher"
      WHITESPACE@255..256 " "
      EQ@256..257 "="
      WHITESPACE@257..258 " "
      CURLY_GROUP@258..293
        L_CURLY@258..259 "{"
        WORD@259..269 "Australian"
        WHITESPACE@269..270 " "
        WORD@270..278 "Computer"
        WHITESPACE@278..279 " "
        WORD@279..286 "Society"
        COMMA@286..287 ","
        WHITESPACE@287..288 " "
        WORD@288..292 "Inc."
        R_CURLY@292..293 "}"
      COMMA@293..294 ","
    WHITESPACE@294..299 "\n    "
    FIELD@299..315
      NAME@299..306 "address"
      WHITESPACE@306..307 " "
      EQ@307..308 "="
      WHITESPACE@308..309 " "
      CURLY_GROUP@309..314
        L_CURLY@309..310 "{"
        WORD@310..313 "AUS"
        R_CURLY@313..314 "}"
      COMMA@314..315 ","
    WHITESPACE@315..320 "\n    "
    FIELD@320..447
      NAME@320..329 "booktitle"
      WHITESPACE@329..330 " "
      EQ@330..331 "="
      WHITESPACE@331..332 " "
      CURLY_GROUP@332..446
        L_CURLY@332..333 "{"
        WORD@333..344 "Proceedings"
        WHITESPACE@344..345 " "
        WORD@345..347 "of"
        WHITESPACE@347..348 " "
        WORD@348..351 "the"
        WHITESPACE@351..352 " "
        WORD@352..355 "2nd"
        WHITESPACE@355..356 " "
        WORD@356..369 "International"
        WHITESPACE@369..370 " "
        WORD@370..378 "Workshop"
        WHITESPACE@378..379 " "
        WORD@379..381 "on"
        WHITESPACE@381..382 " "
        WORD@382..393 "Integrating"
        WHITESPACE@393..394 " "
        WORD@394..404 "Artificial"
        WHITESPACE@404..405 " "
        WORD@405..417 "Intelligence"
        WHITESPACE@417..418 " "
        WORD@418..421 "and"
        WHITESPACE@421..422 " "
        WORD@422..426 "Data"
        WHITESPACE@426..427 " "
        WORD@427..433 "Mining"
        WHITESPACE@433..434 " "
        WORD@434..435 "-"
        WHITESPACE@435..436 " "
        WORD@436..442 "Volume"
        WHITESPACE@442..443 " "
        INTEGER@443..445 "84"
        R_CURLY@445..446 "}"
      COMMA@446..447 ","
    WHITESPACE@447..452 "\n    "
    FIELD@452..467
      NAME@452..457 "pages"
      WHITESPACE@457..458 " "
      EQ@458..459 "="
      WHITESPACE@459..460 " "
      CURLY_GROUP@460..466
        L_CURLY@460..461 "{"
        WORD@461..465 "3-11"
        R_CURLY@465..466 "}"
      COMMA@466..467 ","
    WHITESPACE@467..472 "\n    "
    FIELD@472..487
      NAME@472..480 "numpages"
      WHITESPACE@480..481 " "
      EQ@481..482 "="
      WHITESPACE@482..483 " "
      CURLY_GROUP@483..486
        L_CURLY@483..484 "{"
        INTEGER@484..485 "9"
        R_CURLY@485..486 "}"
      COMMA@486..487 ","
    WHITESPACE@487..492 "\n    "
    FIELD@492..549
      NAME@492..500 "keywords"
      WHITESPACE@500..501 " "
      EQ@501..502 "="
      WHITESPACE@502..503 " "
      CURLY_GROUP@503..548
        L_CURLY@503..504 "{"
        WORD@504..511 "pattern"
        WHITESPACE@511..512 " "
        WORD@512..518 "growth"
        COMMA@518..519 ","
        WHITESPACE@519..520 " "
        WORD@520..524 "high"
        WHITESPACE@524..525 " "
        WORD@525..532 "utility"
        WHITESPACE@532..533 " "
        WORD@533..540 "itemset"
        WHITESPACE@540..541 " "
        WORD@541..547 "mining"
        R_CURLY@547..548 "}"
      COMMA@548..549 ","
    WHITESPACE@549..554 "\n    "
    FIELD@554..589
      NAME@554..562 "location"
      WHITESPACE@562..563 " "
      EQ@563..564 "="
      WHITESPACE@564..565 " "
      CURLY_GROUP@565..588
        L_CURLY@565..566 "{"
        WORD@566..570 "Gold"
        WHITESPACE@570..571 " "
        WORD@571..576 "Coast"
        COMMA@576..577 ","
        WHITESPACE@577..578 " "
        WORD@578..587 "Australia"
        R_CURLY@587..588 "}"
      COMMA@588..589 ","
    WHITESPACE@589..594 "\n    "
    FIELD@594..614
      NAME@594..600 "series"
      WHITESPACE@600..601 " "
      EQ@601..602 "="
      WHITESPACE@602..603 " "
      CURLY_GROUP@603..613
        L_CURLY@603..604 "{"
        WORD@604..608 "AIDM"
        WHITESPACE@608..609 " "
        WORD@609..612 "'07"
        R_CURLY@612..613 "}"
      WHITESPACE@613..614 "\n"
    R_DELIM@614..615 "}"

