---
source: tests/lsp/text_document/completion.rs
expression: "complete(r#\"\n%! main.tex\n\\begin{document}\n\\end{\n     |\"#)"
---
[
  {
    "label": "abstract",
    "detail": "built-in",
    "preselect": false
  },
  {
    "label": "array",
    "detail": "built-in",
    "preselect": false
  },
  {
    "label": "center",
    "detail": "built-in",
    "preselect": false
  },
  {
    "label": "csname",
    "detail": "built-in",
    "preselect": false
  },
  {
    "label": "document",
    "detail": "built-in",
    "preselect": true
  }
]
