---
source: tests/lsp/text_document/completion.rs
expression: "complete(r#\"\n%! main.tex\n\\usepgflibrary{}\n               |\"#)"
---
[
  {
    "label": "arrows",
    "preselect": false
  },
  {
    "label": "arrows.meta",
    "preselect": false
  },
  {
    "label": "arrows.spaced",
    "preselect": false
  },
  {
    "label": "curvilinear",
    "preselect": false
  },
  {
    "label": "datavisualization.barcharts",
    "preselect": false
  }
]
