---
source: crates/symbols/src/workspace/tests.rs
expression: "workspace_symbols(&fixture.workspace, \"math\")"
---
[
    SymbolLocation {
        document: Document(
            "file:///texlab/main.tex",
        ),
        symbol: Symbol {
            name: "Equation (1)",
            kind: Equation,
            label: Some(
                Span(
                    "eq:foo",
                    151..165,
                ),
            ),
            full_range: 135..188,
            selection_range: 151..165,
            children: [],
        },
    },
    SymbolLocation {
        document: Document(
            "file:///texlab/main.tex",
        ),
        symbol: Symbol {
            name: "Lemma 1 (Qux)",
            kind: Theorem,
            label: Some(
                Span(
                    "thm:qux",
                    522..537,
                ),
            ),
            full_range: 504..557,
            selection_range: 522..537,
            children: [],
        },
    },
]
