---
source: crates/symbols/src/workspace/tests.rs
expression: "workspace_symbols(&fixture.workspace, \"item\")"
---
[
    SymbolLocation {
        document: Document(
            "file:///texlab/main.tex",
        ),
        symbol: Symbol {
            name: "1",
            kind: EnumerationItem,
            label: Some(
                Span(
                    "itm:foo",
                    352..367,
                ),
            ),
            full_range: 347..371,
            selection_range: 352..367,
            children: [],
        },
    },
    SymbolLocation {
        document: Document(
            "file:///texlab/main.tex",
        ),
        symbol: Symbol {
            name: "2",
            kind: EnumerationItem,
            label: Some(
                Span(
                    "itm:bar",
                    381..396,
                ),
            ),
            full_range: 376..400,
            selection_range: 381..396,
            children: [],
        },
    },
    SymbolLocation {
        document: Document(
            "file:///texlab/main.tex",
        ),
        symbol: Symbol {
            name: "3",
            kind: EnumerationItem,
            label: Some(
                Span(
                    "itm:baz",
                    410..425,
                ),
            ),
            full_range: 405..429,
            selection_range: 410..425,
            children: [],
        },
    },
]
