---
source: crates/symbols/src/workspace/tests.rs
expression: "workspace_symbols(&fixture.workspace, \"figure\")"
---
[
    SymbolLocation {
        document: Document(
            "file:///texlab/main.tex",
        ),
        symbol: Symbol {
            name: "Figure 1: Bar",
            kind: Figure,
            label: Some(
                Span(
                    "fig:bar",
                    265..280,
                ),
            ),
            full_range: 220..293,
            selection_range: 265..280,
            children: [],
        },
    },
]
