---
source: tests/lsp/text_document/completion.rs
expression: "complete(r#\"\n%! main.tex\n\\color{}\n       |\"#)"
---
[
  {
    "label": "Apricot",
    "preselect": false
  },
  {
    "label": "Aquamarine",
    "preselect": false
  },
  {
    "label": "Bittersweet",
    "preselect": false
  },
  {
    "label": "Black",
    "preselect": false
  },
  {
    "label": "Blue",
    "preselect": false
  }
]
