---
source: tests/lsp/text_document/completion.rs
expression: "complete(r#\"\n%! main.bib\n@article{b,\n    c = {\\LaT }\n           |\n          ^^^\n}\"#)"
---
[
  {
    "label": "LaTeX",
    "detail": "built-in",
    "preselect": false
  },
  {
    "label": "LaTeXe",
    "detail": "built-in",
    "preselect": false
  },
  {
    "label": "LastDeclaredEncoding",
    "detail": "built-in",
    "preselect": false
  },
  {
    "label": "last",
    "detail": "built-in",
    "preselect": false
  },
  {
    "label": "latexreleaseversion",
    "detail": "built-in",
    "preselect": false
  }
]
