---
source: tests/lsp/text_document/completion.rs
expression: "complete(r#\"\n%! main.tex\n\\\n |\"#)"
---
[
  {
    "label": "!",
    "detail": "built-in",
    "preselect": false
  },
  {
    "label": "\"",
    "detail": "built-in",
    "preselect": false
  },
  {
    "label": "#",
    "detail": "built-in",
    "preselect": false
  },
  {
    "label": "$",
    "detail": "$, built-in",
    "preselect": false
  },
  {
    "label": "%",
    "detail": "built-in",
    "preselect": false
  }
]
