---
source: tests/lsp/text_document/completion.rs
expression: "complete(r#\"\n%! main.tex\n\\definecolorset{}\n                |\"#)"
---
[
  {
    "label": "HTML",
    "preselect": false
  },
  {
    "label": "RGB",
    "preselect": false
  },
  {
    "label": "cmyk",
    "preselect": false
  },
  {
    "label": "gray",
    "preselect": false
  },
  {
    "label": "rgb",
    "preselect": false
  }
]
