---
source: tests/lsp/text_document/completion.rs
expression: "complete(r#\"\n%! main.bib\n@article{foo,\n             |\"#)"
---
[
  {
    "label": "abstract",
    "preselect": false
  },
  {
    "label": "addendum",
    "preselect": false
  },
  {
    "label": "address",
    "preselect": false
  },
  {
    "label": "afterword",
    "preselect": false
  },
  {
    "label": "annotation",
    "preselect": false
  }
]
