---
source: tests/lsp/text_document/completion.rs
expression: "complete(r#\"\n%! main.tex\n\\usepackage{lipsum}\n\\lips\n   |\n ^^^^\"#)"
---
[
  {
    "label": "LipsumPar",
    "detail": "lipsum.sty",
    "preselect": false
  },
  {
    "label": "LipsumProtect",
    "detail": "lipsum.sty",
    "preselect": false
  },
  {
    "label": "LipsumRestoreAll",
    "detail": "lipsum.sty",
    "preselect": false
  },
  {
    "label": "lipsum",
    "detail": "lipsum.sty",
    "preselect": false
  },
  {
    "label": "lipsumexp",
    "detail": "lipsum.sty",
    "preselect": false
  }
]
